created 1.1.173 assets
BibleAI-GemFix1173.js
LightningBurst-GemFix1173.js
Store-GemFix1173.js
ThemeFix1173_Bible-o7ln52A-.js
ThemeFix1173_BibleMap-D3wubcX8.js
ThemeFix1173_Feedback-Cv4-nuEj.js
ThemeFix1173_JoinCrew-CuAZt2gp.js
ThemeFix1173_Leaderboard-Tbac8wCI.js
ThemeFix1173_Profile-DeU5glts.js
ThemeFix1173_QuizStats-CBU3Pl2K.js
ThemeFix1173_index--u0cKW7L.js
ThemeFix1173_index-CO-yEeXr.js
ThemeFix1173_index-DkatsOVu.js
ThemeFix1173_web-AMdnETFn.js
ThemeFix1173_web-B9Goxk6w.js
ThemeFix1173_web-CQB7Mww8.js
index-GemFix1173.js
leaflet-src-GemFix1173.js
runtime-fixes-1.1.173.js
runtime-fixes-1.1.173.css
index.html updated
